[    2409ms] [WARNING] The AudioContext was not allowed to start. It must be resumed (or created) after a user gesture on the page. https://developer.chrome.com/blog/autoplay/#web_audio @ https://stagetimer.io/_spa/sum-BpSGuPcx.js:10
[    3453ms] [ERROR] Failed to load resource: the server responded with a status of 403 () @ https://api.stagetimer.io/rooms/X4RJAYPM/credentials?str=&view=CONTROLLER&deviceId=13c9862b-acc4-448a-bf0e-067c4ec25f97:0
[    3462ms] [WARNING] [Room] Attempt 1 failed, giving up. Request failed with status code 403 @ https://stagetimer.io/_spa/vendor-diagnostics-BKjaPcNm.js:29
[    3463ms] [ERROR] [Room] AxiosError: Request failed with status code 403
    at H0 (https://stagetimer.io/_spa/index-D3LLigOY.js:14:1094)
    at XMLHttpRequest.C (https://stagetimer.io/_spa/index-D3LLigOY.js:14:5966)
    at pn.<anonymous> (https://stagetimer.io/_spa/index-D3LLigOY.js:16:2120)
    at Generator.throw (<anonymous>)
    at s (https://stagetimer.io/_spa/index-D3LLigOY.js:12:627) @ https://stagetimer.io/_spa/vendor-diagnostics-BKjaPcNm.js:29
[    4022ms] [ERROR] Failed to load resource: the server responded with a status of 403 () @ https://api.stagetimer.io/rooms/X4RJAYPM/credentials?str=&view=CONTROLLER&deviceId=13c9862b-acc4-448a-bf0e-067c4ec25f97:0
[    4025ms] [ERROR] [axios] Failed to get room token: AxiosError: Request failed with status code 403
    at H0 (https://stagetimer.io/_spa/index-D3LLigOY.js:14:1094)
    at XMLHttpRequest.C (https://stagetimer.io/_spa/index-D3LLigOY.js:14:5966)
    at pn.<anonymous> (https://stagetimer.io/_spa/index-D3LLigOY.js:16:2120)
    at Generator.throw (<anonymous>)
    at s (https://stagetimer.io/_spa/index-D3LLigOY.js:12:627) @ https://stagetimer.io/_spa/vendor-diagnostics-BKjaPcNm.js:29
[   15259ms] [ERROR] Failed to load resource: the server responded with a status of 403 () @ https://api.stagetimer.io/rooms/YCNMMNNC/timers:0
[   15263ms] [ERROR] [axiosDecorator] AxiosError: Request failed with status code 403
    at H0 (https://stagetimer.io/_spa/index-D3LLigOY.js:14:1094)
    at XMLHttpRequest.C (https://stagetimer.io/_spa/index-D3LLigOY.js:14:5966)
    at pn.<anonymous> (https://stagetimer.io/_spa/index-D3LLigOY.js:16:2120)
    at Generator.throw (<anonymous>)
    at s (https://stagetimer.io/_spa/index-D3LLigOY.js:12:627) @ https://stagetimer.io/_spa/vendor-diagnostics-BKjaPcNm.js:29
[   15264ms] [ERROR] AxiosError: Request failed with status code 403
    at H0 (https://stagetimer.io/_spa/index-D3LLigOY.js:14:1094)
    at XMLHttpRequest.C (https://stagetimer.io/_spa/index-D3LLigOY.js:14:5966)
    at pn.<anonymous> (https://stagetimer.io/_spa/index-D3LLigOY.js:16:2120)
    at Generator.throw (<anonymous>)
    at s (https://stagetimer.io/_spa/index-D3LLigOY.js:12:627) @ https://stagetimer.io/_spa/vendor-diagnostics-BKjaPcNm.js:29
